
> frontend@0.1.0 build
> next build

   Γû▓ Next.js 16.0.7 (Turbopack)
   - Environments: .env

node.exe :  ΓÜá The "middleware" file convention is 
deprecated. Please use "proxy" instead. Learn more: 
https://nextjs.org/docs/messages/middleware-to-proxy
At C:\Program Files\nodejs\npm.ps1:29 char:3
+   & $NODE_EXE $NPM_CLI_JS $args
+   ~~~~~~~~~~~~~~~~~~~~~~~~~~~~~
    + CategoryInfo          : NotSpecified: (     
ΓÜá The "middl...leware-to-proxy:String) [    ], 
RemoteException
    + FullyQualifiedErrorId : NativeCommandErr    or
 
   Creating an optimized production build ...
 Γ£ô Compiled successfully in 29.7s
   Running TypeScript ...
Failed to compile.

./src/app/(workspace)/employees/page.tsx:389:74
Type error: Property 'proposedSalary' does not 
exist on type 'Employee'.

[0m [90m 387 |[39m   useEffect(() [33m=>[39m {
 [90m 388 |[39m     [90m// Check both 
gross_salary and proposedSalary (form might use 
either)[39m
[31m[1m>[22m[39m[90m 389 |[39m     
[36mconst[39m gross [33m=[39m 
[33mNumber[39m(formData[33m.[39mgross_salary 
[33m||[39m (formData [36mas[39m 
[33mEmployee[39m)[33m.[39mproposedSalary 
[33m||[39m [35m0[39m)[33m;[39m
 [90m     |[39m                                   
                                       
[31m[1m^[22m[39m
 [90m 390 |[39m
 [90m 391 |[39m     [36mconst[39m 
sumWithOverrides [33m=[39m (items[33m:[39m 
any[][33m,[39m overrides[33m:[39m [33mRecord[3
9m[33m<[39m[33mstring[39m[33m,[39m number 
[33m|[39m [36mnull[39m[33m>[39m) [33m=>[39m
 [90m 392 |[39m       
items[33m.[39mreduce((acc[33m,[39m item) 
[33m=>[39m {[0m
Next.js build worker exited with code: 1 and 
signal: null
