Connected to MongoDB

--- Scenario: Gap Filling OD (Shift 9-6) ---
node : Verification Failed with Error:
At line:1 char:1
+ node tests/od-surgical-verification.js 
> test_output.txt 2>&1
+ ~~~~~~~~~~~~~~~~~~~~~~~~~~~~~~~~~~~~~~~
~~~~~~~~~~~~~~~~~~~~~~
    + CategoryInfo          : NotSpecifi 
   ed: (Verification Failed with Error:  
  :String) [], RemoteException
    + FullyQualifiedErrorId : NativeComm 
   andError
 
TypeError: Cannot read properties of 
null (reading '_id')
    at runVerification (D:\li-hrms\backen
d\tests\od-surgical-verification.js:32:34
)
    at process.processTicksAndRejections 
(node:internal/process/task_queues:105:5)
